// Jest Snapshot v1, https://goo.gl/fbAQLP

exports[`chatbox has a valid snapshot 1`] = `
<div
  className="chatbox"
>
  <input
    type="textbox"
  />
  <button
    type="submit"
  >
    Send
  </button>
</div>
`;
